C:\BIE\03_AS_Projekte\DBServ\07.00\dbserv_0700\Logical\Global.typ
C:\BIE\03_AS_Projekte\DBServ\07.00\dbserv_0700\Logical\Libraries\ETHSOCK\EthSock.fun
C:\BIE\03_AS_Projekte\DBServ\07.00\dbserv_0700\Logical\Libraries\ETHSOCK\EthSock.typ
C:\BIE\03_AS_Projekte\DBServ\07.00\dbserv_0700\Logical\Libraries\ETHSOCK\EthSock.var
C:\BIE\03_AS_Projekte\DBServ\07.00\dbserv_0700\Logical\Libraries\sys_lib\sys_lib.fun
C:\BIE\03_AS_Projekte\DBServ\07.00\dbserv_0700\Logical\Libraries\sys_lib\sys_lib.typ
C:\BIE\03_AS_Projekte\DBServ\07.00\dbserv_0700\Logical\Libraries\sys_lib\sys_lib.var
C:\BIE\03_AS_Projekte\DBServ\07.00\dbserv_0700\Logical\Libraries\runtime\runtime.fun
C:\BIE\03_AS_Projekte\DBServ\07.00\dbserv_0700\Logical\Libraries\runtime\runtime.typ
C:\BIE\03_AS_Projekte\DBServ\07.00\dbserv_0700\Logical\Libraries\runtime\runtime.var
C:\BIE\03_AS_Projekte\DBServ\07.00\dbserv_0700\Logical\Libraries\standard\standard.fun
C:\BIE\03_AS_Projekte\DBServ\07.00\dbserv_0700\Logical\Libraries\standard\standard.typ
C:\BIE\03_AS_Projekte\DBServ\07.00\dbserv_0700\Logical\Libraries\standard\standard.var
C:\BIE\03_AS_Projekte\DBServ\07.00\dbserv_0700\Logical\Libraries\operator\operator.fun
C:\BIE\03_AS_Projekte\DBServ\07.00\dbserv_0700\Logical\Libraries\operator\operator.typ
C:\BIE\03_AS_Projekte\DBServ\07.00\dbserv_0700\Logical\Libraries\operator\operator.var
C:\BIE\03_AS_Projekte\DBServ\07.00\dbserv_0700\Logical\Libraries\FileIO\FileIO.fun
C:\BIE\03_AS_Projekte\DBServ\07.00\dbserv_0700\Logical\Libraries\FileIO\FileIO.typ
C:\BIE\03_AS_Projekte\DBServ\07.00\dbserv_0700\Logical\Libraries\FileIO\FileIO.var
C:\BIE\03_AS_Projekte\DBServ\07.00\dbserv_0700\Logical\Libraries\dvframe\dvframe.fun
C:\BIE\03_AS_Projekte\DBServ\07.00\dbserv_0700\Logical\Libraries\dvframe\dvframe.typ
C:\BIE\03_AS_Projekte\DBServ\07.00\dbserv_0700\Logical\Libraries\dvframe\dvframe.var
C:\BIE\03_AS_Projekte\DBServ\07.00\dbserv_0700\Logical\Libraries\DPMaster\DPMaster.fun
C:\BIE\03_AS_Projekte\DBServ\07.00\dbserv_0700\Logical\Libraries\DPMaster\DPMaster.typ
C:\BIE\03_AS_Projekte\DBServ\07.00\dbserv_0700\Logical\Libraries\DPMaster\DPMaster.var
C:\BIE\03_AS_Projekte\DBServ\07.00\dbserv_0700\Logical\Libraries\DataObj\DataObj.fun
C:\BIE\03_AS_Projekte\DBServ\07.00\dbserv_0700\Logical\Libraries\DataObj\DataObj.typ
C:\BIE\03_AS_Projekte\DBServ\07.00\dbserv_0700\Logical\Libraries\DataObj\DataObj.var
C:\BIE\03_AS_Projekte\DBServ\07.00\dbserv_0700\Logical\Libraries\CAN_Lib\CAN_Lib.fun
C:\BIE\03_AS_Projekte\DBServ\07.00\dbserv_0700\Logical\Libraries\CAN_Lib\CAN_Lib.typ
C:\BIE\03_AS_Projekte\DBServ\07.00\dbserv_0700\Logical\Libraries\CAN_Lib\CAN_Lib.var
C:\BIE\03_AS_Projekte\DBServ\07.00\dbserv_0700\Logical\Libraries\brsystem\brsystem.fun
C:\BIE\03_AS_Projekte\DBServ\07.00\dbserv_0700\Logical\Libraries\brsystem\brsystem.typ
C:\BIE\03_AS_Projekte\DBServ\07.00\dbserv_0700\Logical\Libraries\brsystem\brsystem.var
C:\BIE\03_AS_Projekte\DBServ\07.00\dbserv_0700\Logical\Libraries\astime\astime.fun
C:\BIE\03_AS_Projekte\DBServ\07.00\dbserv_0700\Logical\Libraries\astime\astime.typ
C:\BIE\03_AS_Projekte\DBServ\07.00\dbserv_0700\Logical\Libraries\astime\astime.var
C:\BIE\03_AS_Projekte\DBServ\07.00\dbserv_0700\Logical\Libraries\AsBrStr\AsBrStr.fun
C:\BIE\03_AS_Projekte\DBServ\07.00\dbserv_0700\Logical\Libraries\AsBrStr\AsBrStr.typ
C:\BIE\03_AS_Projekte\DBServ\07.00\dbserv_0700\Logical\Libraries\AsBrStr\AsBrStr.var
C:\BIE\03_AS_Projekte\DBServ\07.00\dbserv_0700\Logical\Libraries\AsHW\AsHW.fun
C:\BIE\03_AS_Projekte\DBServ\07.00\dbserv_0700\Logical\Libraries\AsHW\AsHW.typ
C:\BIE\03_AS_Projekte\DBServ\07.00\dbserv_0700\Logical\Libraries\AsHW\AsHW.var
C:\BIE\03_AS_Projekte\DBServ\07.00\dbserv_0700\Logical\Libraries\ArEventLog\ArEventLog.fun
C:\BIE\03_AS_Projekte\DBServ\07.00\dbserv_0700\Logical\Libraries\ArEventLog\ArEventLog.typ
C:\BIE\03_AS_Projekte\DBServ\07.00\dbserv_0700\Logical\Libraries\ArEventLog\ArEventLog.var
C:\BIE\03_AS_Projekte\DBServ\07.00\dbserv_0700\Logical\Libraries\IEC103Ut\IEC103Ut.typ
C:\BIE\03_AS_Projekte\DBServ\07.00\dbserv_0700\Logical\Libraries\IEC103Ut\IEC103Ut.var
C:\BIE\03_AS_Projekte\DBServ\07.00\dbserv_0700\Logical\Libraries\IEC103Ut\IEC103Ut.fun
C:\BIE\03_AS_Projekte\DBServ\07.00\dbserv_0700\Logical\Libraries\AsIecCon\AsIecCon.fun
C:\BIE\03_AS_Projekte\DBServ\07.00\dbserv_0700\Logical\Libraries\AsIecCon\AsIecCon.typ
C:\BIE\03_AS_Projekte\DBServ\07.00\dbserv_0700\Logical\Libraries\AsIecCon\AsIecCon.var
C:\BIE\03_AS_Projekte\DBServ\07.00\dbserv_0700\Logical\DbServ-Basis\dbslib\dbslib.typ
C:\BIE\03_AS_Projekte\DBServ\07.00\dbserv_0700\Logical\DbServ-Basis\dbslib\dbslib.fun
C:\BIE\03_AS_Projekte\DBServ\07.00\dbserv_0700\Logical\Global.var
C:\BIE\03_AS_Projekte\DBServ\07.00\dbserv_0700\Temp\Objects\CP3586\PLC1\io\ioGlobal.var
C:\BIE\03_AS_Projekte\DBServ\07.00\dbserv_0700\Temp\Objects\CP3586\PLC1\io\ioGlobal.typ
C:\BIE\03_AS_Projekte\DBServ\07.00\dbserv_0700\Temp\Objects\CP3586\PLC1\iec103\iec103Global.var
C:\BIE\03_AS_Projekte\DBServ\07.00\dbserv_0700\Temp\Objects\CP3586\PLC1\iec103\iec103Global.typ
C:\BIE\03_AS_Projekte\DBServ\07.00\dbserv_0700\Temp\Objects\CP3586\PLC1\iodrv\iodrvGlobal.var
C:\BIE\03_AS_Projekte\DBServ\07.00\dbserv_0700\Temp\Objects\CP3586\PLC1\iodrv\iodrvGlobal.typ
C:\BIE\03_AS_Projekte\DBServ\07.00\dbserv_0700\Temp\Objects\CP3586\PLC1\dbsevent\dbseventGlobal.var
C:\BIE\03_AS_Projekte\DBServ\07.00\dbserv_0700\Temp\Objects\CP3586\PLC1\dbsevent\dbseventGlobal.typ
C:\BIE\03_AS_Projekte\DBServ\07.00\dbserv_0700\Temp\Objects\CP3586\PLC1\dbstcp\dbstcpGlobal.var
C:\BIE\03_AS_Projekte\DBServ\07.00\dbserv_0700\Temp\Objects\CP3586\PLC1\dbstcp\dbstcpGlobal.typ
C:\BIE\03_AS_Projekte\DBServ\07.00\dbserv_0700\Temp\Objects\CP3586\PLC1\dbserv\dbservGlobal.var
C:\BIE\03_AS_Projekte\DBServ\07.00\dbserv_0700\Temp\Objects\CP3586\PLC1\dbserv\dbservGlobal.typ
C:\BIE\03_AS_Projekte\DBServ\07.00\dbserv_0700\Temp\Objects\CP3586\PLC1\dbsmon\dbsmonGlobal.var
C:\BIE\03_AS_Projekte\DBServ\07.00\dbserv_0700\Temp\Objects\CP3586\PLC1\dbsmon\dbsmonGlobal.typ
C:\BIE\03_AS_Projekte\DBServ\07.00\dbserv_0700\Temp\Objects\CP3586\PLC1\dbstest\dbstestGlobal.var
C:\BIE\03_AS_Projekte\DBServ\07.00\dbserv_0700\Temp\Objects\CP3586\PLC1\dbstest\dbstestGlobal.typ
